
> fractal@0.4.2 e2e
> tsx scripts/e2e.ts

PASS welcome guide shows first and can be skipped
PASS home renders
PASS library lists uploaded paper
PASS reader draws page 1
PASS drag opens selection menu
PASS highlight is visible and persisted through API
PASS memo saves and appears in notes
PASS text drag Ask attaches a quote; sending streams an answer and clears the input
PASS popup header drag changes position
PASS dragged card scrolls with its original page
PASS collapsed marker drags from its centre without expanding
PASS popup collapses and expands
PASS Escape collapses the popup
PASS popup model list stays open across reader updates
PASS popup follow-up joins the same conversation
PASS second Ask retains the first card
PASS delete removes only the card
PASS popup conversation is listed in research history
PASS History reopens the deleted card and its original conversation
PASS clicking a highlight opens Delete and API confirms removal
PASS region rectangle is visible before mouseup
PASS placement endpoint persisted card states
PASS reader reopen restores saved open and collapsed cards without asking again
PASS figure explain sends an image and shows an attachment chip with a short question
PASS settings providers and dark theme
