To honour the JVM settings for this build a single-use Daemon process will be forked. For more on this, please refer to https://docs.gradle.org/8.12/userguide/gradle_daemon.html#sec:disabling_the_daemon in the Gradle documentation.
Daemon will be stopped at the end of the build
> Task :app:checkKotlinGradlePluginConfigurationErrors SKIPPED
> Task :app:preBuild UP-TO-DATE
> Task :app:preDebugBuild UP-TO-DATE
> Task :data:preBuild UP-TO-DATE
> Task :data:preDebugBuild UP-TO-DATE
> Task :data:writeDebugAarMetadata UP-TO-DATE
> Task :design:preBuild UP-TO-DATE
> Task :design:preDebugBuild UP-TO-DATE
> Task :design:writeDebugAarMetadata UP-TO-DATE
> Task :ink:preBuild UP-TO-DATE
> Task :ink:preDebugBuild UP-TO-DATE
> Task :ink:writeDebugAarMetadata UP-TO-DATE
> Task :pdf:preBuild UP-TO-DATE
> Task :pdf:preDebugBuild UP-TO-DATE
> Task :pdf:writeDebugAarMetadata UP-TO-DATE
> Task :sync:preBuild UP-TO-DATE
> Task :sync:preDebugBuild UP-TO-DATE
> Task :sync:writeDebugAarMetadata UP-TO-DATE
> Task :app:checkDebugAarMetadata UP-TO-DATE
> Task :app:generateDebugResValues UP-TO-DATE
> Task :data:generateDebugResValues UP-TO-DATE
> Task :data:generateDebugResources UP-TO-DATE
> Task :data:packageDebugResources UP-TO-DATE
> Task :design:generateDebugResValues UP-TO-DATE
> Task :design:generateDebugResources UP-TO-DATE
> Task :design:packageDebugResources UP-TO-DATE
> Task :ink:generateDebugResValues UP-TO-DATE
> Task :ink:generateDebugResources UP-TO-DATE
> Task :ink:packageDebugResources UP-TO-DATE
> Task :pdf:generateDebugResValues UP-TO-DATE
> Task :pdf:generateDebugResources UP-TO-DATE
> Task :pdf:packageDebugResources UP-TO-DATE
> Task :sync:generateDebugResValues UP-TO-DATE
> Task :sync:generateDebugResources UP-TO-DATE
> Task :sync:packageDebugResources UP-TO-DATE
> Task :app:mapDebugSourceSetPaths UP-TO-DATE
> Task :app:generateDebugResources UP-TO-DATE
> Task :app:mergeDebugResources UP-TO-DATE
> Task :app:packageDebugResources UP-TO-DATE
> Task :app:parseDebugLocalResources UP-TO-DATE
> Task :app:createDebugCompatibleScreenManifests UP-TO-DATE
> Task :app:extractDeepLinksDebug UP-TO-DATE
> Task :data:extractDeepLinksDebug UP-TO-DATE
> Task :data:processDebugManifest UP-TO-DATE
> Task :design:extractDeepLinksDebug UP-TO-DATE
> Task :design:processDebugManifest UP-TO-DATE
> Task :ink:extractDeepLinksDebug UP-TO-DATE
> Task :ink:processDebugManifest UP-TO-DATE
> Task :pdf:extractDeepLinksDebug UP-TO-DATE
> Task :pdf:processDebugManifest UP-TO-DATE
> Task :sync:extractDeepLinksDebug UP-TO-DATE
> Task :sync:processDebugManifest UP-TO-DATE
> Task :app:processDebugMainManifest UP-TO-DATE
> Task :app:processDebugManifest UP-TO-DATE
> Task :app:processDebugManifestForPackage UP-TO-DATE
> Task :data:compileDebugLibraryResources UP-TO-DATE
> Task :data:parseDebugLocalResources UP-TO-DATE
> Task :data:generateDebugRFile UP-TO-DATE
> Task :design:compileDebugLibraryResources UP-TO-DATE
> Task :design:parseDebugLocalResources UP-TO-DATE
> Task :design:generateDebugRFile UP-TO-DATE
> Task :ink:compileDebugLibraryResources UP-TO-DATE
> Task :ink:parseDebugLocalResources UP-TO-DATE
> Task :ink:generateDebugRFile UP-TO-DATE
> Task :pdf:compileDebugLibraryResources UP-TO-DATE
> Task :pdf:parseDebugLocalResources UP-TO-DATE
> Task :pdf:generateDebugRFile UP-TO-DATE
> Task :sync:compileDebugLibraryResources UP-TO-DATE
> Task :sync:parseDebugLocalResources UP-TO-DATE
> Task :sync:generateDebugRFile UP-TO-DATE
> Task :app:processDebugResources UP-TO-DATE
> Task :data:checkKotlinGradlePluginConfigurationErrors SKIPPED
> Task :data:kaptGenerateStubsDebugKotlin UP-TO-DATE
> Task :data:kaptDebugKotlin UP-TO-DATE
> Task :data:compileDebugKotlin UP-TO-DATE
> Task :data:javaPreCompileDebug UP-TO-DATE
> Task :data:compileDebugJavaWithJavac UP-TO-DATE
> Task :data:bundleLibCompileToJarDebug UP-TO-DATE
> Task :design:checkKotlinGradlePluginConfigurationErrors SKIPPED
> Task :design:copyTokens UP-TO-DATE
> Task :design:compileDebugKotlin UP-TO-DATE
> Task :design:javaPreCompileDebug UP-TO-DATE
> Task :design:compileDebugJavaWithJavac NO-SOURCE
> Task :design:bundleLibCompileToJarDebug UP-TO-DATE
> Task :ink:checkKotlinGradlePluginConfigurationErrors SKIPPED
> Task :ink:compileDebugKotlin UP-TO-DATE
> Task :ink:javaPreCompileDebug UP-TO-DATE
> Task :ink:compileDebugJavaWithJavac NO-SOURCE
> Task :ink:bundleLibCompileToJarDebug UP-TO-DATE
> Task :pdf:checkKotlinGradlePluginConfigurationErrors SKIPPED
> Task :pdf:compileDebugKotlin UP-TO-DATE
> Task :pdf:javaPreCompileDebug UP-TO-DATE
> Task :pdf:compileDebugJavaWithJavac NO-SOURCE
> Task :pdf:bundleLibCompileToJarDebug UP-TO-DATE
> Task :sync:checkKotlinGradlePluginConfigurationErrors SKIPPED
> Task :sync:compileDebugKotlin UP-TO-DATE
> Task :sync:javaPreCompileDebug UP-TO-DATE
> Task :sync:compileDebugJavaWithJavac NO-SOURCE
> Task :sync:bundleLibCompileToJarDebug UP-TO-DATE
> Task :app:compileDebugKotlin UP-TO-DATE
> Task :app:javaPreCompileDebug UP-TO-DATE
> Task :app:compileDebugJavaWithJavac NO-SOURCE
> Task :app:bundleDebugClassesToCompileJar UP-TO-DATE
> Task :app:preDebugAndroidTestBuild SKIPPED
> Task :app:checkDebugAndroidTestAarMetadata UP-TO-DATE
> Task :app:generateDebugAndroidTestResValues UP-TO-DATE
> Task :app:mapDebugAndroidTestSourceSetPaths UP-TO-DATE
> Task :app:generateDebugAndroidTestResources UP-TO-DATE
> Task :app:mergeDebugAndroidTestResources UP-TO-DATE
> Task :app:processDebugAndroidTestManifest UP-TO-DATE
> Task :app:processDebugAndroidTestResources UP-TO-DATE
> Task :app:javaPreCompileDebugAndroidTest UP-TO-DATE
> Task :app:mergeDebugAndroidTestShaders UP-TO-DATE
> Task :app:compileDebugAndroidTestShaders NO-SOURCE
> Task :app:generateDebugAndroidTestAssets UP-TO-DATE
> Task :data:mergeDebugShaders UP-TO-DATE
> Task :data:compileDebugShaders NO-SOURCE
> Task :data:generateDebugAssets UP-TO-DATE
> Task :data:mergeDebugAssets UP-TO-DATE
> Task :design:mergeDebugShaders UP-TO-DATE
> Task :design:compileDebugShaders NO-SOURCE
> Task :design:generateDebugAssets UP-TO-DATE
> Task :design:mergeDebugAssets UP-TO-DATE
> Task :ink:mergeDebugShaders UP-TO-DATE
> Task :ink:compileDebugShaders NO-SOURCE
> Task :ink:generateDebugAssets UP-TO-DATE
> Task :ink:mergeDebugAssets UP-TO-DATE
> Task :pdf:mergeDebugShaders UP-TO-DATE
> Task :pdf:compileDebugShaders NO-SOURCE
> Task :pdf:generateDebugAssets UP-TO-DATE
> Task :pdf:mergeDebugAssets UP-TO-DATE
> Task :sync:mergeDebugShaders UP-TO-DATE
> Task :sync:compileDebugShaders NO-SOURCE
> Task :sync:generateDebugAssets UP-TO-DATE
> Task :sync:mergeDebugAssets UP-TO-DATE
> Task :app:mergeDebugAndroidTestAssets UP-TO-DATE
> Task :app:compressDebugAndroidTestAssets UP-TO-DATE
> Task :ink:bundleLibRuntimeToJarDebug UP-TO-DATE
> Task :design:bundleLibRuntimeToJarDebug UP-TO-DATE
> Task :sync:bundleLibRuntimeToJarDebug UP-TO-DATE
> Task :data:bundleLibRuntimeToJarDebug UP-TO-DATE
> Task :pdf:bundleLibRuntimeToJarDebug UP-TO-DATE
> Task :app:desugarDebugAndroidTestFileDependencies UP-TO-DATE
> Task :data:processDebugJavaRes UP-TO-DATE
> Task :design:processDebugJavaRes UP-TO-DATE
> Task :ink:processDebugJavaRes UP-TO-DATE
> Task :pdf:processDebugJavaRes UP-TO-DATE
> Task :sync:processDebugJavaRes UP-TO-DATE
> Task :app:checkDebugAndroidTestDuplicateClasses UP-TO-DATE
> Task :app:compileDebugAndroidTestKotlin
> Task :app:mergeExtDexDebugAndroidTest UP-TO-DATE
> Task :app:compileDebugAndroidTestJavaWithJavac NO-SOURCE
> Task :app:dexBuilderDebugAndroidTest
> Task :app:mergeDebugAndroidTestGlobalSynthetics UP-TO-DATE
> Task :app:processDebugAndroidTestJavaRes UP-TO-DATE
> Task :app:mergeDebugAndroidTestJavaResource UP-TO-DATE
> Task :ink:bundleLibRuntimeToDirDebug UP-TO-DATE
> Task :design:bundleLibRuntimeToDirDebug UP-TO-DATE
> Task :sync:bundleLibRuntimeToDirDebug UP-TO-DATE
> Task :data:bundleLibRuntimeToDirDebug UP-TO-DATE
> Task :pdf:bundleLibRuntimeToDirDebug UP-TO-DATE
> Task :app:mergeLibDexDebugAndroidTest UP-TO-DATE
> Task :app:mergeDebugAndroidTestJniLibFolders UP-TO-DATE
> Task :app:mergeDebugJniLibFolders UP-TO-DATE
> Task :data:mergeDebugJniLibFolders UP-TO-DATE
> Task :data:mergeDebugNativeLibs NO-SOURCE
> Task :data:copyDebugJniLibsProjectOnly UP-TO-DATE
> Task :design:mergeDebugJniLibFolders UP-TO-DATE
> Task :design:mergeDebugNativeLibs NO-SOURCE
> Task :design:copyDebugJniLibsProjectOnly UP-TO-DATE
> Task :ink:mergeDebugJniLibFolders UP-TO-DATE
> Task :ink:mergeDebugNativeLibs NO-SOURCE
> Task :ink:copyDebugJniLibsProjectOnly UP-TO-DATE
> Task :pdf:mergeDebugJniLibFolders UP-TO-DATE
> Task :pdf:mergeDebugNativeLibs NO-SOURCE
> Task :pdf:copyDebugJniLibsProjectOnly UP-TO-DATE
> Task :sync:mergeDebugJniLibFolders UP-TO-DATE
> Task :sync:mergeDebugNativeLibs NO-SOURCE
> Task :sync:copyDebugJniLibsProjectOnly UP-TO-DATE
> Task :app:mergeDebugNativeLibs UP-TO-DATE
> Task :app:mergeDebugAndroidTestNativeLibs NO-SOURCE
> Task :app:stripDebugAndroidTestDebugSymbols NO-SOURCE
> Task :app:validateSigningDebugAndroidTest UP-TO-DATE
> Task :app:writeDebugAndroidTestSigningConfigVersions UP-TO-DATE
> Task :app:mergeProjectDexDebugAndroidTest
> Task :app:packageDebugAndroidTest
> Task :app:createDebugAndroidTestApkListingFileRedirect UP-TO-DATE
> Task :app:assembleDebugAndroidTest

BUILD SUCCESSFUL in 19s
143 actionable tasks: 4 executed, 139 up-to-date
