INSTRUMENTATION_STATUS: class=app.fractal.reader.HubHttpBridgeTest
INSTRUMENTATION_STATUS: current=1
INSTRUMENTATION_STATUS: id=AndroidJUnitRunner
INSTRUMENTATION_STATUS: numtests=1
INSTRUMENTATION_STATUS: stream=
app.fractal.reader.HubHttpBridgeTest:
INSTRUMENTATION_STATUS: test=actualHubClientMetadataSnapshotOfflineReconnectAndMainActivity
INSTRUMENTATION_STATUS_CODE: 1
INSTRUMENTATION_STATUS: class=app.fractal.reader.HubHttpBridgeTest
INSTRUMENTATION_STATUS: current=1
INSTRUMENTATION_STATUS: id=AndroidJUnitRunner
INSTRUMENTATION_STATUS: numtests=1
INSTRUMENTATION_STATUS: stack=androidx.compose.ui.test.ComposeTimeoutException: Condition still not satisfied after 15000 ms
	at androidx.compose.ui.test.AndroidComposeUiTestEnvironment$AndroidComposeUiTestImpl.waitUntil(ComposeUiTest.android.kt:504)
	at androidx.compose.ui.test.junit4.AndroidComposeTestRule.waitUntil(AndroidComposeTestRule.android.kt:339)
	at app.fractal.reader.HubHttpBridgeTest$actualHubClientMetadataSnapshotOfflineReconnectAndMainActivity$1.invokeSuspend(HubHttpBridgeTest.kt:111)
	at kotlin.coroutines.jvm.internal.BaseContinuationImpl.resumeWith(ContinuationImpl.kt:33)
	at kotlinx.coroutines.DispatchedTask.run(DispatchedTask.kt:101)
	at kotlinx.coroutines.EventLoopImplBase.processNextEvent(EventLoop.common.kt:263)
	at kotlinx.coroutines.BlockingCoroutine.joinBlocking(Builders.kt:95)
	at kotlinx.coroutines.BuildersKt__BuildersKt.runBlocking(Builders.kt:69)
	at kotlinx.coroutines.BuildersKt.runBlocking(Unknown Source:1)
	at kotlinx.coroutines.BuildersKt__BuildersKt.runBlocking$default(Builders.kt:47)
	at kotlinx.coroutines.BuildersKt.runBlocking$default(Unknown Source:1)
	at app.fractal.reader.HubHttpBridgeTest.actualHubClientMetadataSnapshotOfflineReconnectAndMainActivity(HubHttpBridgeTest.kt:23)

INSTRUMENTATION_STATUS: stream=
Error in actualHubClientMetadataSnapshotOfflineReconnectAndMainActivity(app.fractal.reader.HubHttpBridgeTest):
androidx.compose.ui.test.ComposeTimeoutException: Condition still not satisfied after 15000 ms
	at androidx.compose.ui.test.AndroidComposeUiTestEnvironment$AndroidComposeUiTestImpl.waitUntil(ComposeUiTest.android.kt:504)
	at androidx.compose.ui.test.junit4.AndroidComposeTestRule.waitUntil(AndroidComposeTestRule.android.kt:339)
	at app.fractal.reader.HubHttpBridgeTest$actualHubClientMetadataSnapshotOfflineReconnectAndMainActivity$1.invokeSuspend(HubHttpBridgeTest.kt:111)
	at kotlin.coroutines.jvm.internal.BaseContinuationImpl.resumeWith(ContinuationImpl.kt:33)
	at kotlinx.coroutines.DispatchedTask.run(DispatchedTask.kt:101)
	at kotlinx.coroutines.EventLoopImplBase.processNextEvent(EventLoop.common.kt:263)
	at kotlinx.coroutines.BlockingCoroutine.joinBlocking(Builders.kt:95)
	at kotlinx.coroutines.BuildersKt__BuildersKt.runBlocking(Builders.kt:69)
	at kotlinx.coroutines.BuildersKt.runBlocking(Unknown Source:1)
	at kotlinx.coroutines.BuildersKt__BuildersKt.runBlocking$default(Builders.kt:47)
	at kotlinx.coroutines.BuildersKt.runBlocking$default(Unknown Source:1)
	at app.fractal.reader.HubHttpBridgeTest.actualHubClientMetadataSnapshotOfflineReconnectAndMainActivity(HubHttpBridgeTest.kt:23)

INSTRUMENTATION_STATUS: test=actualHubClientMetadataSnapshotOfflineReconnectAndMainActivity
INSTRUMENTATION_STATUS_CODE: -2
INSTRUMENTATION_RESULT: stream=

Time: 19.788
There was 1 failure:
1) actualHubClientMetadataSnapshotOfflineReconnectAndMainActivity(app.fractal.reader.HubHttpBridgeTest)
androidx.compose.ui.test.ComposeTimeoutException: Condition still not satisfied after 15000 ms
	at androidx.compose.ui.test.AndroidComposeUiTestEnvironment$AndroidComposeUiTestImpl.waitUntil(ComposeUiTest.android.kt:504)
	at androidx.compose.ui.test.junit4.AndroidComposeTestRule.waitUntil(AndroidComposeTestRule.android.kt:339)
	at app.fractal.reader.HubHttpBridgeTest$actualHubClientMetadataSnapshotOfflineReconnectAndMainActivity$1.invokeSuspend(HubHttpBridgeTest.kt:111)
	at kotlin.coroutines.jvm.internal.BaseContinuationImpl.resumeWith(ContinuationImpl.kt:33)
	at kotlinx.coroutines.DispatchedTask.run(DispatchedTask.kt:101)
	at kotlinx.coroutines.EventLoopImplBase.processNextEvent(EventLoop.common.kt:263)
	at kotlinx.coroutines.BlockingCoroutine.joinBlocking(Builders.kt:95)
	at kotlinx.coroutines.BuildersKt__BuildersKt.runBlocking(Builders.kt:69)
	at kotlinx.coroutines.BuildersKt.runBlocking(Unknown Source:1)
	at kotlinx.coroutines.BuildersKt__BuildersKt.runBlocking$default(Builders.kt:47)
	at kotlinx.coroutines.BuildersKt.runBlocking$default(Unknown Source:1)
	at app.fractal.reader.HubHttpBridgeTest.actualHubClientMetadataSnapshotOfflineReconnectAndMainActivity(HubHttpBridgeTest.kt:23)

FAILURES!!!
Tests run: 1,  Failures: 1


INSTRUMENTATION_CODE: -1
